ok - fm-control relaunch: an armed PR poll keeps authenticating with tracing off
ok - fm-control relaunch: an armed PR poll keeps authenticating with tracing on
ok - fm-control relaunch: delivery and concurrent task metadata publication serialize
ok - fm-control relaunch: disabling tracing clears metadata and pane context
rm: cannot remove '/tmp/fm-control-relaunch.XIQL0f/trace-off-19231/home/state/rl33.git-hooks/sendemail-validate': Permission denied
rm: cannot remove '/tmp/fm-control-relaunch.XIQL0f/trace-off-19231/home/state/rl33.git-hooks/pre-auto-gc': Permission denied
rm: cannot remove '/tmp/fm-control-relaunch.XIQL0f/trace-off-19231/home/state/rl33.git-hooks/post-rewrite': Permission denied
rm: cannot remove '/tmp/fm-control-relaunch.XIQL0f/trace-off-19231/home/state/rl33.git-hooks/pre-push': Permission denied
rm: cannot remove '/tmp/fm-control-relaunch.XIQL0f/trace-off-19231/home/state/rl33.git-hooks/post-merge': Permission denied
rm: cannot remove '/tmp/fm-control-relaunch.XIQL0f/trace-off-19231/home/state/rl33.git-hooks/post-checkout': Permission denied
rm: cannot remove '/tmp/fm-control-relaunch.XIQL0f/trace-off-19231/home/state/rl33.git-hooks/pre-rebase': Permission denied
rm: cannot remove '/tmp/fm-control-relaunch.XIQL0f/trace-off-19231/home/state/rl33.git-hooks/post-commit': Permission denied
rm: cannot remove '/tmp/fm-control-relaunch.XIQL0f/trace-off-19231/home/state/rl33.git-hooks/prepare-commit-msg': Permission denied
rm: cannot remove '/tmp/fm-control-relaunch.XIQL0f/trace-off-19231/home/state/rl33.git-hooks/pre-merge-commit': Permission denied
rm: cannot remove '/tmp/fm-control-relaunch.XIQL0f/trace-off-19231/home/state/rl33.git-hooks/pre-commit': Permission denied
rm: cannot remove '/tmp/fm-control-relaunch.XIQL0f/trace-off-19231/home/state/rl33.git-hooks/post-applypatch': Permission denied
rm: cannot remove '/tmp/fm-control-relaunch.XIQL0f/trace-off-19231/home/state/rl33.git-hooks/pre-applypatch': Permission denied
rm: cannot remove '/tmp/fm-control-relaunch.XIQL0f/trace-off-19231/home/state/rl33.git-hooks/applypatch-msg': Permission denied
rm: cannot remove '/tmp/fm-control-relaunch.XIQL0f/trace-off-19231/home/state/rl33.git-hooks/commit-msg': Permission denied
rm: cannot remove '/tmp/fm-control-relaunch.XIQL0f/metadata-race-20355/home/state/rl28.git-hooks/sendemail-validate': Permission denied
rm: cannot remove '/tmp/fm-control-relaunch.XIQL0f/metadata-race-20355/home/state/rl28.git-hooks/pre-auto-gc': Permission denied
rm: cannot remove '/tmp/fm-control-relaunch.XIQL0f/metadata-race-20355/home/state/rl28.git-hooks/post-rewrite': Permission denied
rm: cannot remove '/tmp/fm-control-relaunch.XIQL0f/metadata-race-20355/home/state/rl28.git-hooks/pre-push': Permission denied
rm: cannot remove '/tmp/fm-control-relaunch.XIQL0f/metadata-race-20355/home/state/rl28.git-hooks/post-merge': Permission denied
rm: cannot remove '/tmp/fm-control-relaunch.XIQL0f/metadata-race-20355/home/state/rl28.git-hooks/post-checkout': Permission denied
rm: cannot remove '/tmp/fm-control-relaunch.XIQL0f/metadata-race-20355/home/state/rl28.git-hooks/pre-rebase': Permission denied
rm: cannot remove '/tmp/fm-control-relaunch.XIQL0f/metadata-race-20355/home/state/rl28.git-hooks/post-commit': Permission denied
rm: cannot remove '/tmp/fm-control-relaunch.XIQL0f/metadata-race-20355/home/state/rl28.git-hooks/prepare-commit-msg': Permission denied
rm: cannot remove '/tmp/fm-control-relaunch.XIQL0f/metadata-race-20355/home/state/rl28.git-hooks/pre-merge-commit': Permission denied
rm: cannot remove '/tmp/fm-control-relaunch.XIQL0f/metadata-race-20355/home/state/rl28.git-hooks/pre-commit': Permission denied
rm: cannot remove '/tmp/fm-control-relaunch.XIQL0f/metadata-race-20355/home/state/rl28.git-hooks/post-applypatch': Permission denied
rm: cannot remove '/tmp/fm-control-relaunch.XIQL0f/metadata-race-20355/home/state/rl28.git-hooks/pre-applypatch': Permission denied
rm: cannot remove '/tmp/fm-control-relaunch.XIQL0f/metadata-race-20355/home/state/rl28.git-hooks/applypatch-msg': Permission denied
rm: cannot remove '/tmp/fm-control-relaunch.XIQL0f/metadata-race-20355/home/state/rl28.git-hooks/commit-msg': Permission denied
rm: cannot remove '/tmp/fm-control-relaunch.XIQL0f/armed-pr-poll-on-18643/home/state/rl78.git-hooks/sendemail-validate': Permission denied
rm: cannot remove '/tmp/fm-control-relaunch.XIQL0f/armed-pr-poll-on-18643/home/state/rl78.git-hooks/pre-auto-gc': Permission denied
rm: cannot remove '/tmp/fm-control-relaunch.XIQL0f/armed-pr-poll-on-18643/home/state/rl78.git-hooks/post-rewrite': Permission denied
rm: cannot remove '/tmp/fm-control-relaunch.XIQL0f/armed-pr-poll-on-18643/home/state/rl78.git-hooks/pre-push': Permission denied
rm: cannot remove '/tmp/fm-control-relaunch.XIQL0f/armed-pr-poll-on-18643/home/state/rl78.git-hooks/post-merge': Permission denied
rm: cannot remove '/tmp/fm-control-relaunch.XIQL0f/armed-pr-poll-on-18643/home/state/rl78.git-hooks/post-checkout': Permission denied
rm: cannot remove '/tmp/fm-control-relaunch.XIQL0f/armed-pr-poll-on-18643/home/state/rl78.git-hooks/pre-rebase': Permission denied
rm: cannot remove '/tmp/fm-control-relaunch.XIQL0f/armed-pr-poll-on-18643/home/state/rl78.git-hooks/post-commit': Permission denied
rm: cannot remove '/tmp/fm-control-relaunch.XIQL0f/armed-pr-poll-on-18643/home/state/rl78.git-hooks/prepare-commit-msg': Permission denied
rm: cannot remove '/tmp/fm-control-relaunch.XIQL0f/armed-pr-poll-on-18643/home/state/rl78.git-hooks/pre-merge-commit': Permission denied
rm: cannot remove '/tmp/fm-control-relaunch.XIQL0f/armed-pr-poll-on-18643/home/state/rl78.git-hooks/pre-commit': Permission denied
rm: cannot remove '/tmp/fm-control-relaunch.XIQL0f/armed-pr-poll-on-18643/home/state/rl78.git-hooks/post-applypatch': Permission denied
rm: cannot remove '/tmp/fm-control-relaunch.XIQL0f/armed-pr-poll-on-18643/home/state/rl78.git-hooks/pre-applypatch': Permission denied
rm: cannot remove '/tmp/fm-control-relaunch.XIQL0f/armed-pr-poll-on-18643/home/state/rl78.git-hooks/applypatch-msg': Permission denied
rm: cannot remove '/tmp/fm-control-relaunch.XIQL0f/armed-pr-poll-on-18643/home/state/rl78.git-hooks/commit-msg': Permission denied
rm: cannot remove '/tmp/fm-control-relaunch.XIQL0f/armed-pr-poll-off-30937/home/state/rl78.git-hooks/sendemail-validate': Permission denied
rm: cannot remove '/tmp/fm-control-relaunch.XIQL0f/armed-pr-poll-off-30937/home/state/rl78.git-hooks/pre-auto-gc': Permission denied
rm: cannot remove '/tmp/fm-control-relaunch.XIQL0f/armed-pr-poll-off-30937/home/state/rl78.git-hooks/post-rewrite': Permission denied
rm: cannot remove '/tmp/fm-control-relaunch.XIQL0f/armed-pr-poll-off-30937/home/state/rl78.git-hooks/pre-push': Permission denied
rm: cannot remove '/tmp/fm-control-relaunch.XIQL0f/armed-pr-poll-off-30937/home/state/rl78.git-hooks/post-merge': Permission denied
rm: cannot remove '/tmp/fm-control-relaunch.XIQL0f/armed-pr-poll-off-30937/home/state/rl78.git-hooks/post-checkout': Permission denied
rm: cannot remove '/tmp/fm-control-relaunch.XIQL0f/armed-pr-poll-off-30937/home/state/rl78.git-hooks/pre-rebase': Permission denied
rm: cannot remove '/tmp/fm-control-relaunch.XIQL0f/armed-pr-poll-off-30937/home/state/rl78.git-hooks/post-commit': Permission denied
rm: cannot remove '/tmp/fm-control-relaunch.XIQL0f/armed-pr-poll-off-30937/home/state/rl78.git-hooks/prepare-commit-msg': Permission denied
rm: cannot remove '/tmp/fm-control-relaunch.XIQL0f/armed-pr-poll-off-30937/home/state/rl78.git-hooks/pre-merge-commit': Permission denied
rm: cannot remove '/tmp/fm-control-relaunch.XIQL0f/armed-pr-poll-off-30937/home/state/rl78.git-hooks/pre-commit': Permission denied
rm: cannot remove '/tmp/fm-control-relaunch.XIQL0f/armed-pr-poll-off-30937/home/state/rl78.git-hooks/post-applypatch': Permission denied
rm: cannot remove '/tmp/fm-control-relaunch.XIQL0f/armed-pr-poll-off-30937/home/state/rl78.git-hooks/pre-applypatch': Permission denied
rm: cannot remove '/tmp/fm-control-relaunch.XIQL0f/armed-pr-poll-off-30937/home/state/rl78.git-hooks/applypatch-msg': Permission denied
rm: cannot remove '/tmp/fm-control-relaunch.XIQL0f/armed-pr-poll-off-30937/home/state/rl78.git-hooks/commit-msg': Permission denied
