/home/dscott/.no-mistakes/worktrees/a1211da81307/01M35YYF7WKT0H6P9KHD3KA8GP/.test-tmp/fm-pi-trust.hNbGlD/shim-1/pi
dscott@panthro:~/.no-mistakes/worktrees/a1211da81307/01M35YYF7WKT0H6P9KHD3KA8GP/.test-tmp/fm-pi-trust.hNbGlD/project$ /
home/dscott/.no-mistakes/worktrees/a1211da81307/01M35YYF7WKT0H6P9KHD3KA8GP/.test-tmp/fm-pi-trust.hNbGlD/shim-1/pi
───────────────────────────────────────────────────────────────────────────────────────────────────────────────────────

 Trust project folder?
 /home/dscott/.no-mistakes/worktrees/a1211da81307/01M35YYF7WKT0H6P9KHD3KA8GP/.test-tmp/fm-pi-trust.hNbGlD/project

 This allows pi to load .pi settings and resources, install missing project packages, and execute project extensions.

 → Trust
   Trust parent folder
 (/home/dscott/.no-mistakes/worktrees/a1211da81307/01M35YYF7WKT0H6P9KHD3KA8GP/.test-tmp/fm-pi-trust.hNbGlD)
   Trust (this session only)
   Do not trust
   Do not trust (this session only)

 ↑↓ navigate  enter select  escape/ctrl+c cancel

───────────────────────────────────────────────────────────────────────────────────────────────────────────────────────# seen within budget: the folder-trust dialog (the stall)
ok - bare pi in a fresh untrusted worktree parks on Trust project folder? [herdr 0.9.1, pi 0.87.0]
# launch arguments: 1790128341 --tui-mode regular --approve -e /home/dscott/.no-mistakes/worktrees/a1211da81307/01M35YYF7WKT0H6P9KHD3KA8GP/.test-tmp/fm-pi-trust.hNbGlD/home-2/state
ok - the managed launch carries --approve, never renders the dialog, and processes its brief [herdr 0.9.1, pi 0.87.0]
ok - one-run approval left both the isolated and the operator trust stores untouched
/home/dscott/.no-mistakes/worktrees/a1211da81307/01M35YYF7WKT0H6P9KHD3KA8GP/.test-tmp/fm-pi-trust.hNbGlD/shim-4/pi
dscott@panthro:~/.no-mistakes/worktrees/a1211da81307/01M35YYF7WKT0H6P9KHD3KA8GP/.test-tmp/fm-pi-trust.hNbGlD/project/.tr
eehouse/project-4ec27f/1/project$ /home/dscott/.no-mistakes/worktrees/a1211da81307/01M35YYF7WKT0H6P9KHD3KA8GP/.test-tmp/
fm-pi-trust.hNbGlD/shim-4/pi
────────────────────────────────────────────────────────────────────────────────────────────────────────────────────────

 Trust project folder?
 /home/dscott/.no-mistakes/worktrees/a1211da81307/01M35YYF7WKT0H6P9KHD3KA8GP/.test-tmp/fm-pi-trust.hNbGlD/project/.tree
 house/project-4ec27f/1/project

 This allows pi to load .pi settings and resources, install missing project packages, and execute project extensions.

 → Trust
   Trust parent folder
 (/home/dscott/.no-mistakes/worktrees/a1211da81307/01M35YYF7WKT0H6P9KHD3KA8GP/.test-tmp/fm-pi-trust.hNbGlD/project/.tre
 ehouse/project-4ec27f/1)
   Trust (this session only)
   Do not trust
   Do not trust (this session only)

 ↑↓ navigate  enter select  escape/ctrl+c cancel

────────────────────────────────────────────────────────────────────────────────────────────────────────────────────────# seen within budget: the same child worktree without parent trust
ok - a saved parent-path trust decision skips the dialog on a bare launch (the per-slot masking) [herdr 0.9.1, pi 0.87.0]
ok - a pi whose --help omits --approve is refused before endpoint or metadata exists [herdr 0.9.1, pi 0.87.0]
fm-herdr-lab: missing fleet-state tripwire for 'fm-lab-pi-trust-752308'; refusing destructive calls
