pi
dscott@panthro:~/.no-mistakes/worktrees/a1211da81307/01M35YYF7WKT0H6P9KHD3KA8GP/.test-tmp/fm-pi-trust.s17JCr/project$ p
i
───────────────────────────────────────────────────────────────────────────────────────────────────────────────────────

 Trust project folder?
 /home/dscott/.no-mistakes/worktrees/a1211da81307/01M35YYF7WKT0H6P9KHD3KA8GP/.test-tmp/fm-pi-trust.s17JCr/project

 This allows pi to load .pi settings and resources, install missing project packages, and execute project extensions.

 → Trust
   Trust parent folder
 (/home/dscott/.no-mistakes/worktrees/a1211da81307/01M35YYF7WKT0H6P9KHD3KA8GP/.test-tmp/fm-pi-trust.s17JCr)
   Trust (this session only)
   Do not trust
   Do not trust (this session only)

 ↑↓ navigate  enter select  escape/ctrl+c cancel

───────────────────────────────────────────────────────────────────────────────────────────────────────────────────────# seen within budget: the folder-trust dialog (the stall)
ok - bare pi in a fresh untrusted worktree parks on Trust project folder? [herdr 0.9.1, pi 0.87.0]
# launch arguments: 1790128288 --tui-mode regular --approve -e /home/dscott/.no-mistakes/worktrees/a1211da81307/01M35YYF7WKT0H6P9KHD3KA8GP/.test-tmp/fm-pi-trust.s17JCr/home-2/state
ok - the managed launch carries --approve, never renders the dialog, and processes its brief [herdr 0.9.1, pi 0.87.0]
ok - one-run approval left both the isolated and the operator trust stores untouched
pi
dscott@panthro:~/.no-mistakes/worktrees/a1211da81307/01M35YYF7WKT0H6P9KHD3KA8GP/.test-tmp/fm-pi-trust.s17JCr/project/.tr
eehouse/project-e7afdc/1/project$ pi
────────────────────────────────────────────────────────────────────────────────────────────────────────────────────────

 Trust project folder?
 /home/dscott/.no-mistakes/worktrees/a1211da81307/01M35YYF7WKT0H6P9KHD3KA8GP/.test-tmp/fm-pi-trust.s17JCr/project/.tree
 house/project-e7afdc/1/project

 This allows pi to load .pi settings and resources, install missing project packages, and execute project extensions.

 → Trust
   Trust parent folder
 (/home/dscott/.no-mistakes/worktrees/a1211da81307/01M35YYF7WKT0H6P9KHD3KA8GP/.test-tmp/fm-pi-trust.s17JCr/project/.tre
 ehouse/project-e7afdc/1)
   Trust (this session only)
   Do not trust
   Do not trust (this session only)

 ↑↓ navigate  enter select  escape/ctrl+c cancel

────────────────────────────────────────────────────────────────────────────────────────────────────────────────────────# seen within budget: the same child worktree without parent trust
not ok - a saved parent-path decision still rendered the trust dialog [herdr 0.9.1, pi 0.87.0]
