User entered /calm; config/calm=on

 ▀▀█  v0.99.1
 █▀ █ escape interrupt · ctrl+c/ctrl+d clear/exit · / commands · ! bash · ctrl+o more
 Press ctrl+o to show full startup help and loaded resources.

 Pi can explain its own features and look up its docs. Ask it how to use or extend Pi.

[Extensions]
  fm-calm.ts


 Warning: No models available. Use /login to log into a provider via OAuth or API key. See:
   /home/dscott/.local/lib/node_modules/@earendil-works/pi-coding-agent/docs/providers.md
   /home/dscott/.local/lib/node_modules/@earendil-works/pi-coding-agent/docs/models.md

 Warning: tmux extended-keys is off. Modified Enter keys may not work. Add `set -g extended-keys on` to ~/.tmux.conf
 and restart tmux.

 Tool output: collapsed

────────────────────────────────────────────────────────────────────────────────────────────────────────────────────────

────────────────────────────────────────────────────────────────────────────────────────────────────────────────────────
~/.no-mistakes/worktrees/a1211da81307/01M414QPM0WDK19Q013KTS8H8K (detached)
0.0%/0 (auto)                                                                                                    unknown











User entered /calm; config/calm=off

 ▀▀█  v0.99.1
 █▀ █ escape interrupt · ctrl+c/ctrl+d clear/exit · / commands · ! bash · ctrl+o more
 Press ctrl+o to show full startup help and loaded resources.

 Pi can explain its own features and look up its docs. Ask it how to use or extend Pi.

[Extensions]
  fm-calm.ts


 Warning: No models available. Use /login to log into a provider via OAuth or API key. See:
   /home/dscott/.local/lib/node_modules/@earendil-works/pi-coding-agent/docs/providers.md
   /home/dscott/.local/lib/node_modules/@earendil-works/pi-coding-agent/docs/models.md

 Warning: tmux extended-keys is off. Modified Enter keys may not work. Add `set -g extended-keys on` to ~/.tmux.conf
 and restart tmux.

 Tool output: collapsed

────────────────────────────────────────────────────────────────────────────────────────────────────────────────────────

────────────────────────────────────────────────────────────────────────────────────────────────────────────────────────
~/.no-mistakes/worktrees/a1211da81307/01M414QPM0WDK19Q013KTS8H8K (detached)
0.0%/0 (auto)                                                                                                    unknown










