ok - watch-arm: an attached arm reports the wake its cycle delivered instead of a false failure
ok - watch-arm: a delivered wake consumed by the handling turn still closes the attached arm cleanly
ok - watch-arm: an unusable launch confirm window refuses to arm by name
ok - watch-arm: a disposable validation checkout refuses to arm
ok - watch-arm: a watcher exits when its state directory is removed
ok - watch-arm: a watcher exits when its home is removed
ok - watch-arm: the test reaper stops a watcher armed for a tracked temporary home
ok - watch-arm: a cycle that delivered no wake of its own still fails loudly
ok - watch-arm: an attached arm keeps following a slow live holder and reports its wake
ok - watch-arm: an attached arm hands a holder stalled past the bound to its owner's replacement
/home/dscott/.no-mistakes/worktrees/a1211da81307/01M414QPM0WDK19Q013KTS8H8K/bin/fm-watch-arm.sh: line 766: 3879632 Killed                     "$WATCH" > "$child_out"
WAKE_ACK_REQUIRED: after handling completes run bin/fm-wake-drain.sh --ack-through 2 --recovery-generation 3880471.1791040807.PiRxkD
ok - watch-arm: re-arm surfaces every queued wake and an open remote decision after downtime
/home/dscott/.no-mistakes/worktrees/a1211da81307/01M414QPM0WDK19Q013KTS8H8K/bin/fm-watch-arm.sh: line 766: 3895303 Killed                     "$WATCH" > "$child_out"
WAKE_ACK_REQUIRED: after handling completes run bin/fm-wake-drain.sh --ack-through 1 --recovery-generation 3896622.1791040821.MvNB9o
ok - watch-arm: a re-arm whose recovery cycle runs slowly still surfaces it
watcher: recovery state could not be persisted; retaining stale lock evidence
ok - watch-arm: marker publication failure retains stale-lock recovery evidence
WAKE_ACK_REQUIRED: after handling completes run bin/fm-wake-drain.sh --ack-through 2 --recovery-generation 3910669.1791040841.PrRtdJ
WAKE_ACK_REQUIRED: after handling completes run bin/fm-wake-drain.sh --ack-through 3 --recovery-generation 3916195.1791040845.k3QzYv
ok - watch-arm: a wake queued after handling drain is recovered once at successor arm
ok - watch-arm: interrupted handling leaves its wake durable for successor re-drain
WAKE_ACK_REQUIRED: after handling completes run bin/fm-wake-drain.sh --ack-through 0 --recovery-generation 3932223.1791040862.bhdtYw
ok - watch-arm: malformed recovery state is quarantined without a successor loop
WAKE_ACK_REQUIRED: after handling completes run bin/fm-wake-drain.sh --ack-through 1 --recovery-generation 3938027.1791040867.Mftt6Q
ok - watch-arm: publication after recovery handoff is surfaced
ok - watch-arm: restart publishes recovery before clearing a reused-pid watcher lock
WAKE_ACK_REQUIRED: after handling completes run bin/fm-wake-drain.sh --ack-through 7 --recovery-generation 3946345.1791040872.uuqkAA
ok - watch-arm: markerless legacy queues are adopted and recovered
ok - watch-arm: an idle Lavish source stays quiet and its real result wakes promptly
ok - watch-arm: appending work reopens an announced empty recovery
ok - watch-arm: a watcher close during handling keeps the printed acknowledgement valid
ok - watch-arm: a moved recovery generation consumes handled rows and names its remedy
ok - watch-arm: downtime marker publication does not follow symlinks
ok - watch-arm: --stop ends only this home's watcher, publishes downtime, and reports when none runs
ok - watch-arm: an already-acknowledged handling confirmation succeeds as a no-op
ok - watch-arm: a churned generation's handling confirmation reports a mismatch and an arm check keeps it
ok - watch-arm: --take-over attaches to a cycle the named arm does not own and leaves it running
ok - watch-arm: --take-over owns a fresh cycle without a recovery wake and still surfaces queued work
watcher: secondmate liveness check failed
ok - watch-arm: takeover preserves self-exit downtime and surfaces a recovery wake
