ok - Pi calm resolves its persistent home independently of Pi's launch directory
ok - Pi calm compatibility evidence never rejects a Pi version for being newer than 0.82.0, and still fails closed on a missing or malformed version
ok - a missing collapsed-thinking presentation API degrades only that Calm adapter with a clear skip reason, while the rest of Calm still registers
ok - missing Pi presentation class exports reach the independent adapter degradation path
ok - Calm hides queued Firstmate rows only on a session that can keep them, keeps hidden ones out of the editor on Escape, delivers them once in order, and leaves unsupported sessions and Calm off stock
ok - Calm registers none of its 7 built-in tool wrappers at load while config/calm is off, and all 7 synchronously at load while config/calm is on
not ok - Pi calm activation/collision/regression-bound path failed: node:internal/modules/esm/resolve:272
    throw new ERR_MODULE_NOT_FOUND(
          ^

Error [ERR_MODULE_NOT_FOUND]: Cannot find module '/home/dscott/.no-mistakes/worktrees/a1211da81307/01M4BPD8WE4WVFGH5V5N3X4K49/.test-pi-current/node_modules/@earendil-works/pi-coding-agent/node_modules/@earendil-works/pi-tui/dist/index.js' imported from /home/dscott/.no-mistakes/worktrees/a1211da81307/01M4BPD8WE4WVFGH5V5N3X4K49/.test-pi-current/tmp/fm-calm-pi-extension.xSGek7/activation-collision/project/[eval1]
    at finalizeResolution (node:internal/modules/esm/resolve:272:11)
    at moduleResolve (node:internal/modules/esm/resolve:879:10)
    at defaultResolve (node:internal/modules/esm/resolve:1006:11)
    at #cachedDefaultResolve (node:internal/modules/esm/loader:705:20)
    at #resolveAndMaybeBlockOnLoaderThread (node:internal/modules/esm/loader:725:38)
    at ModuleLoader.resolveSync (node:internal/modules/esm/loader:763:56)
    at #resolve (node:internal/modules/esm/loader:687:17)
    at ModuleLoader.getOrCreateModuleJob (node:internal/modules/esm/loader:607:35)
    at node:internal/modules/esm/loader:636:32
    at TracingChannel.tracePromise (node:diagnostics_channel:362:14) {
  code: 'ERR_MODULE_NOT_FOUND',
  url: 'file:///home/dscott/.no-mistakes/worktrees/a1211da81307/01M4BPD8WE4WVFGH5V5N3X4K49/.test-pi-current/node_modules/@earendil-works/pi-coding-agent/node_modules/@earendil-works/pi-tui/dist/index.js'
}

Node.js v24.21.0
