revision=4aedf7c8a0886c179365edbe34e3bf2b38d63dcc
1
2
3
4
5
6
7
8
9
10
11
12
13
14
15
16
17
18
19
19
durable claim count: 19
revision=9666b869e9ea28bbf7542d53ff3f84fc42e9ce9f
1
2
3
4
5
6
7
8
9
10
11
12
13
14
15
16
17
18
19
20
durable claim count: 20
revision=4aedf7c8a0886c179365edbe34e3bf2b38d63dcc
1
2
3
4
5
6
7
8
9
10
11
12
13
14
15
16
17
18
19
19
durable claim count: 19
revision=9666b869e9ea28bbf7542d53ff3f84fc42e9ce9f
1
2
3
3
4
5
5
6
7
8
8
9
10
10
11
12
13
14
15
16
durable claim count: 16
revision=4aedf7c8a0886c179365edbe34e3bf2b38d63dcc
1
2
3
4
5
6
7
8
9
10
11
12
13
14
15
16
16
17
18
19
durable claim count: 19
revision=9666b869e9ea28bbf7542d53ff3f84fc42e9ce9f
1
2
3
4
5
6
7
8
9
10
11
12
13
14
15
16
17
18
19
20
durable claim count: 20
revision=4aedf7c8a0886c179365edbe34e3bf2b38d63dcc
1
2
3
4
5
6
7
8
9
9
10
11
12
13
14
15
16
17
18
19
durable claim count: 19
revision=9666b869e9ea28bbf7542d53ff3f84fc42e9ce9f
1
2
3
4
5
6
7
8
9
10
11
12
13
14
15
16
17
18
19
20
durable claim count: 20
revision=4aedf7c8a0886c179365edbe34e3bf2b38d63dcc
1
2
3
4
5
6
7
8
9
10
11
12
13
14
15
16
17
18
19
20
durable claim count: 20
revision=9666b869e9ea28bbf7542d53ff3f84fc42e9ce9f
1
2
3
3
4
5
6
6
7
8
9
10
11
12
13
14
15
16
17
18
durable claim count: 18
